CHORUS current working-tree verification
Captured: 2026-09-23T09:46:32Z
Implementation binding: fcc3d45ec5ea49a22278e1266d7b87e1e3aa26e48d95e89188ba0f0a1225bf64
Binding algorithm: sha256-path-length-content (22 selected implementation files)
Environment: Node.js v24.19.0; npm 11.9.0; Python 3.12.14

Aggregate command: npm run verify:deploy
Result: PASS (exit 0)
Execution boundary: isolated copy of the final working-tree bytes; generated build output was not copied back into the source tree.

Observed gates:
- npm run lint: PASS
- npx tsc --noEmit: PASS
- npm run evidence:simulation: PASS; 118626 assertions; 0 failures; content digest 2e0baade3151a9d215b13b96bc95824a715546eabe8403a0fa1e546079195788
- npm run test:licensing: PASS; prospective proprietary policy and byte-preserved historical license texts verified
- npm run docs:check:working-tree: PASS; 10 discovery-map artifacts and 16 notebook artifacts verified
- npm run test:night: PASS; 39 tests; 0 failures
- npm run test:simulation: PASS; 5 tests; 0 failures
- npm run test:save: PASS; 18 tests; 0 failures
- npm run test:copy: PASS; 37 tests; 0 failures
- npm run test:linguistics: PASS; evidence chain valid and 10 contract tests; 0 failures
- npm run test:a11y: PASS; 26 tests; 0 failures
- npm run test:viewport: PASS; 10 tests; 0 failures
- npm run build: PASS
- node --test tests/rendered-html.test.mjs: PASS; 1 test; 0 failures
- npm run status:check: PASS; 2 current working-tree status artifacts verified

Focused-test total: 146 passed; 0 failed.

Current-source browser, assistive-technology, dependency-advisory, production-route, and neutral clean-room distribution checks were not performed in this local run. They remain explicitly open in the bound verification and status records; historical results were not relabeled as current-source execution.
